Starting Metro Bundler
Android Bundled 84491ms node_modules\expo-router\entry.js (3294 modules)

› Assets (23):
node_modules\@react-navigation\elements\lib\module\assets\back-icon-mask.png (653 B)
node_modules\@react-navigation\elements\lib\module\assets\back-icon.png (4 variations | 152 B)
node_modules\@react-navigation\elements\lib\module\assets\clear-icon.png (4 variations | 425 B)
node_modules\@react-navigation\elements\lib\module\assets\close-icon.png (4 variations | 235 B)
node_modules\@react-navigation\elements\lib\module\assets\search-icon.png (4 variations | 599 B)
node_modules\expo-router\assets\error.png (469 B)
node_modules\expo-router\assets\file.png (138 B)
node_modules\expo-router\assets\forward.png (188 B)
node_modules\expo-router\assets\pkg.png (364 B)
node_modules\expo-router\assets\sitemap.png (465 B)
node_modules\expo-router\assets\unmatched.png (4.75 kB)

› android bundles (1):
_expo/static/js/android/entry-f5d85783af005b163adc89e5460e27d2.hbc (6.91 MB)

› Files (1):
metadata.json (1.75 kB)

Exported: dist
